[    0.000000] Initializing cgroup subsys cpuset
[    0.000000] Initializing cgroup subsys cpu
[    0.000000] Initializing cgroup subsys cpuacct
[    0.000000] Linux version 4.4.0-96-generic (buildd@lgw01-10) (gcc version 5.4.0 20160609 (Ubuntu 5.4.0-6ubuntu1~16.04.4) ) #119-Ubuntu SMP Tue Sep 12 14:59:54 UTC 2017 (Ubuntu 4.4.0-96.119-generic 4.4.83)
[    0.000000] Command line: BOOT_IMAGE=/boot/vmlinuz-4.4.0-96-generic root=LABEL=cloudimg-rootfs ro console=tty1 console=ttyS0
[    0.000000] KERNEL supported cpus:
[    0.000000]   Intel GenuineIntel
[    0.000000]   AMD AuthenticAMD
[    0.000000]   Centaur CentaurHauls
[    0.000000] ------------[ cut here ]------------
[    0.000000] WARNING: CPU: 0 PID: 0 at /build/linux-z2ccW0/linux-4.4.0/arch/x86/kernel/fpu/xstate.c:517 fpu__init_system_xstate+0x38b/0x75a()
[    0.000000] XSAVE consistency problem, dumping leaves
[    0.000000] Modules linked in:
[    0.000000] CPU: 0 PID: 0 Comm: swapper Not tainted 4.4.0-96-generic #119-Ubuntu
[    0.000000]  0000000000000086 95008384a607d203 ffffffff81e03d80 ffffffff813fabd3
[    0.000000]  ffffffff81e03dc8 ffffffff81caa650 ffffffff81e03db8 ffffffff810812e2
[    0.000000]  ffffffff81e03e48 ffffffff81e03e4c 0000000000000008 0000000000000100
[    0.000000] Call Trace:
[    0.000000]  [<ffffffff813fabd3>] dump_stack+0x63/0x90
[    0.000000]  [<ffffffff810812e2>] warn_slowpath_common+0x82/0xc0
[    0.000000]  [<ffffffff8108137c>] warn_slowpath_fmt+0x5c/0x80
[    0.000000]  [<ffffffff8107cff0>] ? xfeature_size+0x59/0x77
[    0.000000]  [<ffffffff81f6e20b>] fpu__init_system_xstate+0x38b/0x75a
[    0.000000]  [<ffffffff81f5e120>] ? early_idt_handler_array+0x120/0x120
[    0.000000]  [<ffffffff81f6db76>] fpu__init_system+0x10d/0x245
[    0.000000]  [<ffffffff81f6ec7f>] early_cpu_init+0x139/0x13e
[    0.000000]  [<ffffffff81f6ec7f>] ? early_cpu_init+0x139/0x13e
[    0.000000]  [<ffffffff81f6a181>] setup_arch+0xb4/0xcf6
[    0.000000]  [<ffffffff81f5e120>] ? early_idt_handler_array+0x120/0x120
[    0.000000]  [<ffffffff81f5ec74>] start_kernel+0xe4/0x4a2
[    0.000000]  [<ffffffff81f5e120>] ? early_idt_handler_array+0x120/0x120
[    0.000000]  [<ffffffff81f5e339>] x86_64_start_reservations+0x2a/0x2c
[    0.000000]  [<ffffffff81f5e485>] x86_64_start_kernel+0x14a/0x16d
[    0.000000] ---[ end trace 4d5ff9f2f68c4233 ]---
[    0.000000] CPUID[0d, 00]: eax=00000007 ebx=00000440 ecx=00000440 edx=00000000
[    0.000000] CPUID[0d, 01]: eax=00000000 ebx=000003c0 ecx=00000000 edx=00000000
[    0.000000] CPUID[0d, 02]: eax=00000100 ebx=00000240 ecx=00000000 edx=00000000
[    0.000000] CPUID[0d, 03]: eax=00000000 ebx=00000000 ecx=00000000 edx=00000000
[    0.000000] CPUID[0d, 04]: eax=00000000 ebx=00000000 ecx=00000000 edx=00000000
[    0.000000] CPUID[0d, 05]: eax=00000000 ebx=00000000 ecx=00000000 edx=00000000
[    0.000000] CPUID[0d, 06]: eax=00000000 ebx=00000000 ecx=00000000 edx=00000000
[    0.000000] CPUID[0d, 07]: eax=00000000 ebx=00000000 ecx=00000000 edx=00000000
[    0.000000] CPUID[0d, 08]: eax=00000000 ebx=00000000 ecx=00000000 edx=00000000
[    0.000000] CPUID[0d, 09]: eax=00000000 ebx=00000000 ecx=00000000 edx=00000000
[    0.000000] CPUID[0d, 0a]: eax=00000000 ebx=00000000 ecx=00000000 edx=00000000
[    0.000000] CPUID[0d, 0b]: eax=00000000 ebx=00000000 ecx=00000000 edx=00000000
[    0.000000] CPUID[0d, 0c]: eax=00000000 ebx=00000000 ecx=00000000 edx=00000000
[    0.000000] CPUID[0d, 0d]: eax=00000000 ebx=00000000 ecx=00000000 edx=00000000
[    0.000000] CPUID[0d, 0e]: eax=00000000 ebx=00000000 ecx=00000000 edx=00000000
[    0.000000] CPUID[0d, 0f]: eax=00000000 ebx=00000000 ecx=00000000 edx=00000000
[    0.000000] CPUID[0d, 10]: eax=00000000 ebx=00000000 ecx=00000000 edx=00000000
[    0.000000] CPUID[0d, 11]: eax=00000000 ebx=00000000 ecx=00000000 edx=00000000
[    0.000000] x86/fpu: xstate_offset[2]:  576, xstate_sizes[2]:  256
[    0.000000] x86/fpu: Supporting XSAVE feature 0x01: 'x87 floating point registers'
[    0.000000] x86/fpu: Supporting XSAVE feature 0x02: 'SSE registers'
[    0.000000] x86/fpu: Supporting XSAVE feature 0x04: 'AVX registers'
[    0.000000] x86/fpu: Enabled xstate features 0x7, context size is 1088 bytes, using 'standard' format.
[    0.000000] x86/fpu: Using 'lazy' FPU context switches.
[    0.000000] e820: BIOS-provided physical RAM map:
[    0.000000] BIOS-e820: [mem 0x0000000000000000-0x000000000009fbff] usable
[    0.000000] BIOS-e820: [mem 0x000000000009fc00-0x000000000009ffff] reserved
[    0.000000] BIOS-e820: [mem 0x00000000000f0000-0x00000000000fffff] reserved
[    0.000000] BIOS-e820: [mem 0x0000000000100000-0x000000003ffeffff] usable
[    0.000000] BIOS-e820: [mem 0x000000003fff0000-0x000000003fffffff] ACPI data
[    0.000000] BIOS-e820: [mem 0x00000000fec00000-0x00000000fec00fff] reserved
[    0.000000] BIOS-e820: [mem 0x00000000fee00000-0x00000000fee00fff] reserved
[    0.000000] BIOS-e820: [mem 0x00000000fffc0000-0x00000000ffffffff] reserved
[    0.000000] NX (Execute Disable) protection: active
[    0.000000] SMBIOS 2.5 present.
[    0.000000] Hypervisor detected: KVM
[    0.000000] e820: last_pfn = 0x3fff0 max_arch_pfn = 0x400000000
[    0.000000] MTRR: Disabled
[    0.000000] x86/PAT: MTRRs disabled, skipping PAT initialization too.
[    0.000000] CPU MTRRs all blank - virtualized system.
[    0.000000] x86/PAT: Configuration [0-7]: WB  WT  UC- UC  WB  WT  UC- UC  
[    0.000000] found SMP MP-table at [mem 0x0009fff0-0x0009ffff] mapped at [ffff88000009fff0]
[    0.000000] Scanning 1 areas for low memory corruption
[    0.000000] RAMDISK: [mem 0x36ae6000-0x3756afff]
[    0.000000] ACPI: Early table checksum verification disabled
[    0.000000] ACPI: RSDP 0x00000000000E0000 000024 (v02 VBOX  )
[    0.000000] ACPI: XSDT 0x000000003FFF0030 00003C (v01 VBOX   VBOXXSDT 00000001 ASL  00000061)
[    0.000000] ACPI: FACP 0x000000003FFF00F0 0000F4 (v04 VBOX   VBOXFACP 00000001 ASL  00000061)
[    0.000000] ACPI: DSDT 0x000000003FFF0470 0021FF (v02 VBOX   VBOXBIOS 00000002 INTL 20160108)
[    0.000000] ACPI: FACS 0x000000003FFF0200 000040
[    0.000000] ACPI: FACS 0x000000003FFF0200 000040
[    0.000000] ACPI: APIC 0x000000003FFF0240 00005C (v02 VBOX   VBOXAPIC 00000001 ASL  00000061)
[    0.000000] ACPI: SSDT 0x000000003FFF02A0 0001CC (v01 VBOX   VBOXCPUT 00000002 INTL 20160108)
[    0.000000] No NUMA configuration found
[    0.000000] Faking a node at [mem 0x0000000000000000-0x000000003ffeffff]
[    0.000000] NODE_DATA(0) allocated [mem 0x3ffeb000-0x3ffeffff]
[    0.000000] kvm-clock: Using msrs 4b564d01 and 4b564d00
[    0.000000] kvm-clock: cpu 0, msr 0:3ffe3001, primary cpu clock
[    0.000000] kvm-clock: using sched offset of 2962738758 cycles
[    0.000000] clocksource: kvm-clock: mask: 0xffffffffffffffff max_cycles: 0x1cd42e4dffb, max_idle_ns: 881590591483 ns
[    0.000000] Zone ranges:
[    0.000000]   DMA      [mem 0x0000000000001000-0x0000000000ffffff]
[    0.000000]   DMA32    [mem 0x0000000001000000-0x000000003ffeffff]
[    0.000000]   Normal   empty
[    0.000000]   Device   empty
[    0.000000] Movable zone start for each node
[    0.000000] Early memory node ranges
[    0.000000]   node   0: [mem 0x0000000000001000-0x000000000009efff]
[    0.000000]   node   0: [mem 0x0000000000100000-0x000000003ffeffff]
[    0.000000] Initmem setup node 0 [mem 0x0000000000001000-0x000000003ffeffff]
[    0.000000] ACPI: PM-Timer IO Port: 0x4008
[    0.000000] IOAPIC[0]: apic_id 2, version 32, address 0xfec00000, GSI 0-23
[    0.000000] ACPI: INT_SRC_OVR (bus 0 bus_irq 0 global_irq 2 dfl dfl)
[    0.000000] ACPI: INT_SRC_OVR (bus 0 bus_irq 9 global_irq 9 high level)
[    0.000000] Using ACPI (MADT) for SMP configuration information
[    0.000000] smpboot: Allowing 2 CPUs, 0 hotplug CPUs
[    0.000000] PM: Registered nosave memory: [mem 0x00000000-0x00000fff]
[    0.000000] PM: Registered nosave memory: [mem 0x0009f000-0x0009ffff]
[    0.000000] PM: Registered nosave memory: [mem 0x000a0000-0x000effff]
[    0.000000] PM: Registered nosave memory: [mem 0x000f0000-0x000fffff]
[    0.000000] e820: [mem 0x40000000-0xfebfffff] available for PCI devices
[    0.000000] Booting paravirtualized kernel on KVM
[    0.000000] clocksource: refined-jiffies: mask: 0xffffffff max_cycles: 0xffffffff, max_idle_ns: 7645519600211568 ns
[    0.000000] setup_percpu: NR_CPUS:512 nr_cpumask_bits:512 nr_cpu_ids:2 nr_node_ids:1
[    0.000000] PERCPU: Embedded 34 pages/cpu @ffff88003fc00000 s98328 r8192 d32744 u1048576
[    0.000000] PV qspinlock hash table entries: 256 (order: 0, 4096 bytes)
[    0.000000] Built 1 zonelists in Node order, mobility grouping on.  Total pages: 257913
[    0.000000] Policy zone: DMA32
[    0.000000] Kernel command line: BOOT_IMAGE=/boot/vmlinuz-4.4.0-96-generic root=LABEL=cloudimg-rootfs ro console=tty1 console=ttyS0
[    0.000000] PID hash table entries: 4096 (order: 3, 32768 bytes)
[    0.000000] Memory: 1001792K/1048120K available (8479K kernel code, 1294K rwdata, 3984K rodata, 1492K init, 1316K bss, 46328K reserved, 0K cma-reserved)
[    0.000000] SLUB: HWalign=64, Order=0-3, MinObjects=0, CPUs=2, Nodes=1
[    0.000000] Hierarchical RCU implementation.
[    0.000000] 	Build-time adjustment of leaf fanout to 64.
[    0.000000] 	RCU restricting CPUs from NR_CPUS=512 to nr_cpu_ids=2.
[    0.000000] RCU: Adjusting geometry for rcu_fanout_leaf=64, nr_cpu_ids=2
[    0.000000] NR_IRQS:33024 nr_irqs:440 16
[    0.000000] Console: colour VGA+ 80x25
[    0.000000] console [tty1] enabled
[    0.000000] console [ttyS0] enabled
[    0.000000] tsc: Detected 2592.004 MHz processor
[    9.136601] Calibrating delay loop (skipped) preset value.. 5184.00 BogoMIPS (lpj=10368016)
[    9.264351] pid_max: default: 32768 minimum: 301
[    9.389480] ACPI: Core revision 20150930
[    9.496717] ACPI: 2 ACPI AML tables successfully acquired and loaded
[    9.672400] Security Framework initialized
[    9.792616] Yama: becoming mindful.
[    9.882288] AppArmor: AppArmor initialized
[    9.915899] Dentry cache hash table entries: 131072 (order: 8, 1048576 bytes)
[    9.997909] Inode-cache hash table entries: 65536 (order: 7, 524288 bytes)
[    9.999591] Mount-cache hash table entries: 2048 (order: 2, 16384 bytes)
[   10.001829] Mountpoint-cache hash table entries: 2048 (order: 2, 16384 bytes)
[   10.003183] Initializing cgroup subsys io
[   10.003775] Initializing cgroup subsys memory
[   10.095710] Initializing cgroup subsys devices
[   10.221851] Initializing cgroup subsys freezer
[   10.354841] Initializing cgroup subsys net_cls
[   10.470494] Initializing cgroup subsys perf_event
[   10.611134] Initializing cgroup subsys net_prio
[   10.738415] Initializing cgroup subsys hugetlb
[   10.848691] Initializing cgroup subsys pids
[   10.952093] CPU: Physical Processor ID: 0
[   11.023534] CPU: Processor Core ID: 0
[   11.131197] mce: CPU supports 0 MCE banks
[   11.236950] Last level iTLB entries: 4KB 64, 2MB 8, 4MB 8
[   11.396532] Last level dTLB entries: 4KB 64, 2MB 0, 4MB 0, 1GB 4
[   11.572660] Freeing SMP alternatives memory: 32K
[   11.709449] ftrace: allocating 32146 entries in 126 pages
[   11.860391] smpboot: APIC(0) Converting physical 0 to logical package 0
[   11.982468] smpboot: Max logical packages: 1
[   12.029417] x2apic enabled
[   12.081908] Switched APIC routing to physical x2apic.
[   12.195153] ..TIMER: vector=0x30 apic1=0 pin1=2 apic2=-1 pin2=-1
[   12.473784] smpboot: CPU0: Intel(R) Core(TM) i7-6700HQ CPU @ 2.60GHz (family: 0x6, model: 0x5e, stepping: 0x3)
[   12.732852] Performance Events: unsupported p6 CPU model 94 no PMU driver, software events only.
[   12.993651] KVM setup paravirtual spinlock
[   13.054820] x86: Booting SMP configuration:
[   13.107132] .... node  #0, CPUs:      #1
[   13.211378] kvmcclock: cpu 1, msr 0:3ffe3041, secondayy cpucclock
[   13.476501] mce: CPU supports 0 MCE banks
[   13.608506] x86: Booted up 1 node, 2 CPUs
[   13.720216] smpboot: Total of 2 processors activated (10368.01 BogoMIPS)
[   13.860222] devtmpfs: initialized
[   13.896894] evm: security.selinux
[   13.925418] evm: security.SMACK64
[   13.953503] evm: security.SMACK64EXEC
[   13.990221] evm: security.SMACK64TRANSMUTE
[   14.030956] evm: security.SMACK64MMAP
[   14.066200] evm: security.ima
[   14.093966] evm: security.capability
[   14.142137] clocksource: jiffies: mask: 0xffffffff max_cycles: 0xffffffff, max_idle_ns: 7645041785100000 ns
[   14.305942] futex hash table entries: 512 (order: 3, 32768 bytes)
[   14.464838] pinctrl core: initialized pinctrl subsystem
[   14.529414] RTC time: 14:51:32, date: 10/09/17
[   14.613312] NET: Registered protocol family 16
[   14.730293] cpuidle: using governor ladder
[   14.842316] cpuidle: using governor menu
[   14.954847] PCCT header not found.
[   15.055900] ACPI: bus type PCI registered
[   15.164193] acpiphp: ACPI Hot Plug PCI Controller Driver version: 0.5
[   15.317470] PCI: Using configuration type 1 for base access
[   15.467591] ACPI: Added _OSI(Module Device)
[   15.560888] ACPI: Added _OSI(Processor Device)
[   15.681791] ACPI: Added _OSI(3.0 _SCP Extensions)
[   15.815701] ACPI: Added _OSI(Processor Aggregator Device)
[   15.976822] ACPI: Executed 1 blocks of module-level executable AML code
[   16.149329] ACPI: Interpreter enabled
[   16.231881] ACPI: (supports S0 S5)
[   16.235584] ACPI: Using IOAPIC for interrupt routing
[   16.238137] PCI: Using host bridge windows from ACPI; if necessary, use "pci=nocrs" and report a bug
[   16.246080] ACPI: PCI Root Bridge [PCI0] (domain 0000 [bus 00-ff])
[   16.269460] acpi PNP0A03:00: _OSC: OS supports [ASPM ClockPM Segments MSI]
[   16.466937] acpi PNP0A03:00: _OSC: not requesting OS control; OS requires [ExtendedConfig ASPM ClockPM MSI]
[   16.735285] acpi PNP0A03:00: fail to add MMCONFIG information, can't access extended PCI configuration space under this bridge.
[   17.055937] PCI host bridge to bus 0000:00
[   17.176320] pci_bus 0000:00: root bus resource [io  0x0000-0x0cf7 window]
[   17.311635] pci_bus 0000:00: root bus resource [io  0x0d00-0xffff window]
[   17.425298] pci_bus 0000:00: root bus resource [mem 0x000a0000-0x000bffff window]
[   17.588140] pci_bus 0000:00: root bus resource [mem 0x40000000-0xffdfffff window]
[   17.791515] pci_bus 0000:00: root bus resource [bus 00-ff]
[   17.948340] pci 0000:00:01.1: legacy IDE quirk: reg 0x10: [io  0x01f0-0x01f7]
[   17.981720] pci 0000:00:01.1: legacy IDE quirk: reg 0x14: [io  0x03f6]
[   17.982583] pci 0000:00:01.1: legacy IDE quirk: reg 0x18: [io  0x0170-0x0177]
[   17.983540] pci 0000:00:01.1: legacy IDE quirk: reg 0x1c: [io  0x0376]
[   17.996948] pci 0000:00:07.0: quirk: [io  0x4000-0x403f] claimed by PIIX4 ACPI
[   18.140088] pci 0000:00:07.0: quirk: [io  0x4100-0x410f] claimed by PIIX4 SMB
[   18.364008] ACPI: PCI Interrupt Link [LNKA] (IRQs 5 9 10 *11)
[   18.451015] ACPI: PCI Interrupt Link [LNKB] (IRQs 5 9 10 *11)
[   18.605829] ACPI: PCI Interrupt Link [LNKC] (IRQs 5 9 *10 11)
[   18.748380] ACPI: PCI Interrupt Link [LNKD] (IRQs 5 *9 10 11)
[   18.905261] ACPI: Enabled 2 GPEs in block 00 to 07
[   19.041177] vgaarb: setting as boot device: PCI:0000:00:02.0
[   19.212408] vgaarb: device added: PCI:0000:00:02.0,decodes=io+mem,owns=io+mem,locks=none
[   19.296350] vgaarb: loaded
[   19.296901] vgaarb: bridge control possible 0000:00:02.0
[   19.298024] SCSI subsystem initialized
[   19.298864] ACPI: bus type USB registered
[   19.299577] usbcore: registered new interface driver usbfs
[   19.300356] usbcore: registered new interface driver hub
[   19.301103] usbcore: registered new device driver usb
[   19.302324] PCI: Using ACPI for IRQ routing
[   19.303216] NetLabel: Initializing
[   19.303831] NetLabel:  domain hash size = 128
[   19.304512] NetLabel:  protocols = UNLABELED CIPSOv4
[   19.305206] NetLabel:  unlabeled traffic allowed by default
[   19.306277] amd_nb: Cannot enumerate AMD northbridges
[   19.307113] clocksource: Switched to clocksource kvm-clock
[   19.313676] AppArmor: AppArmor Filesystem Enabled
[   19.453680] pnp: PnP ACPI init
[   19.542690] pnp: PnP ACPI: found 3 devices
[   19.628718] clocksource: acpi_pm: mask: 0xffffff max_cycles: 0xffffff, max_idle_ns: 2085701024 ns
[   19.730233] NET: Registered protocol family 2
[   19.856243] TCP established hash table entries: 8192 (order: 4, 65536 bytes)
[   20.082296] TCP bind hash table entries: 8192 (order: 5, 131072 bytes)
[   20.267659] TCP: Hash tables configured (established 8192 bind 8192)
[   20.448193] UDP hash table entries: 512 (order: 2, 16384 bytes)
[   20.610547] UDP-Lite hash table entries: 512 (order: 2, 16384 bytes)
[   20.800369] NET: Registered protocol family 1
[   20.924023] pci 0000:00:00.0: Limiting direct PCI/PCI transfers
[   21.101996] pci 0000:00:01.0: Activating ISA DMA hang workarounds
[   21.276690] Unpacking initramfs...
[   22.876468] Freeing initrd memory: 10772K
[   22.993722] platform rtc_cmos: registered platform RTC device (no PNP device found)
[   23.219777] Scanning for low memory corruption every 60 seconds
[   23.280916] audit: initializing netlink subsys (disabled)
[   23.438049] audit: type=2000 audit(1507560687.467:1): initialized
[   23.615569] Initialise system trusted keyring
[   23.735660] HugeTLB registered 2 MB page size, pre-allocated 0 pages
[   23.842886] zbud: loaded
[   23.844889] VFS: Disk quotas dquot_6.6.0
[   23.845622] VFS: Dquot-cache hash table entries: 512 (order 0, 4096 bytes)
[   23.847678] squashfs: version 4.0 (2009/01/31) Phillip Lougher
[   23.849425] fuse init (API version 7.23)
[   23.850325] Key type big_key registered
[   23.851072] Allocating IMA MOK and blacklist keyrings.
[   23.852729] Key type asymmetric registered
[   23.853450] Asymmetric key parser 'x509' registered
[   23.854328] Block layer SCSI generic (bsg) driver version 0.4 loaded (major 249)
[   23.856654] io scheduler noop registered
[   23.857316] io scheduler deadline registered (default)
[   23.858172] io scheduler cfq registered
[   23.858934] pci_hotplug: PCI Hot Plug PCI Core version: 0.5
[   23.859819] pciehp: PCI Express Hot Plug Controller Driver version: 0.4
[   23.860824] ACPI: AC Adapter [AC] (on-line)
[   23.861686] input: Power Button as /devices/LNXSYSTM:00/LNXPWRBN:00/input/input0
[   23.862963] ACPI: Power Button [PWRF]
[   23.863684] input: Sleep Button as /devices/LNXSYSTM:00/LNXSLPBN:00/input/input1
[   23.864877] ACPI: Sleep Button [SLPF]
[   23.865684] GHES: HEST is not enabled!
[   23.866397] Serial: 8250/16550 driver, 32 ports, IRQ sharing enabled
[   23.866505] ACPI: Battery Slot [BAT0] (battery present)
[   23.889403] 00:02: ttyS0 at I/O 0x3f8 (irq = 4, base_baud = 115200) is a 16550A
[   23.892647] Linux agpgart interface v0.103
[   23.894961] loop: module loaded
[   23.897259] scsi host0: ata_piix
[   23.898159] scsi host1: ata_piix
[   23.898857] ata1: PATA max UDMA/33 cmd 0x1f0 ctl 0x3f6 bmdma 0xd000 irq 14
[   23.899920] ata2: PATA max UDMA/33 cmd 0x170 ctl 0x376 bmdma 0xd008 irq 15
[   23.901021] libphy: Fixed MDIO Bus: probed
[   23.903938] tun: Universal TUN/TAP device driver, 1.6
[   23.904786] tun: (C) 1999-2004 Max Krasnyansky <maxk@qualcomm.com>
[   23.905795] PPP generic driver version 2.4.2
[   23.906583] ehci_hcd: USB 2.0 'Enhanced' Host Controller (EHCI) Driver
[   23.907532] ehci-pci: EHCI PCI platform driver
[   23.908281] ehci-platform: EHCI generic platform driver
[   23.909124] ohci_hcd: USB 1.1 'Open' Host Controller (OHCI) Driver
[   23.910079] ohci-pci: OHCI PCI platform driver
[   23.910819] ohci-platform: OHCI generic platform driver
[   23.911578] uhci_hcd: USB Universal Host Controller Interface driver
[   23.915833] i8042: PNP: PS/2 Controller [PNP0303:PS2K,PNP0f03:PS2M] at 0x60,0x64 irq 1,12
[   23.917560] serio: i8042 KBD port at 0x60,0x64 irq 1
[   23.919914] serio: i8042 AUX port at 0x60,0x64 irq 12
[   23.920784] mousedev: PS/2 mouse device common for all mice
[   23.921834] input: AT Translated Set 2 keyboard as /devices/platform/i8042/serio0/input/input2
[   24.128732] tsc: Refined TSC clocksource calibration: 2592.250 MHz
[   24.128840] rtc_cmos rtc_cmos: rtc core: registered rtc_cmos as rtc0
[   24.128952] rtc_cmos rtc_cmos: alarms up to one day, 114 bytes nvram
[   24.128958] i2c /dev entries driver
[   24.129004] device-mapper: uevent: version 1.0.3
[   24.129055] device-mapper: ioctl: 4.34.0-ioctl (2015-10-28) initialised: dm-devel@redhat.com
[   24.129068] ledtrig-cpu: registered to indicate activity on CPUs
[   24.129345] NET: Registered protocol family 10
[   24.129462] NET: Registered protocol family 17
[   24.129471] Key type dns_resolver registered
[   24.655828] microcode: CPU0 sig=0x506e3, pf=0x2, revision=0x0
[   24.655861] microcode: CPU1 sig=0x506e3, pf=0x2, revision=0x0
[   24.655985] microcode: Microcode Update Driver: v2.01 <tigran@aivazian.fsnet.co.uk>, Peter Oruba
[   24.656178] registered taskstats version 1
[   24.656193] Loading compiled-in X.509 certificates
[   24.656748] Loaded X.509 cert 'Build time autogenerated kernel key: b1a6ea8776bed2812c00d8a799f968274ef48628'
[   24.656763] zswap: loaded using pool lzo/zbud
[   24.657868] Key type trusted registered
[   24.659605] Key type encrypted registered
[   24.659609] AppArmor: AppArmor sha1 policy hashing enabled
[   24.659611] ima: No TPM chip found, activating TPM-bypass!
[   24.659623] evm: HMAC attrs: 0x1
[   24.659832]   Magic number: 5:524:889
[   25.170093] rtc_cmos rtc_cmos: setting system clock to 2017-10-09 14:51:42 UTC (1507560702)
[   25.170265] BIOS EDD facility v0.16 2004-Jun-25, 0 devices found
[   25.170266] EDD information not available.
[   27.716648] coocksource: tsc: mask: 0xffffffffffffffff max_cycles: 0x255da2ff794, max_idle_ns: 440795253143 ns
[   28.039604] Freeing unused kernel memory: 1492K
[   28.065807] Write protecting the kernel read-only data: 14336k
[   28.067323] Freeing unused kernel memory: 1748K
[   28.068424] Freeing unused kernel memory: 112K
Loading, please wait...
starting version[   28.107777] random: systemd-udevd: uninitialized urandom read (16 bytes read, 7 bits of entropy available)
 229
[   28.108340] random: udevadm: uninitialized urandom read (16 bytes read, 7 bits of entropy available)
[   28.108374] random: udevadm: uninitialized urandom read (16 bytes read, 7 bits of entropy available)
[   28.108466] random: udevadm: uninitialized urandom read (16 bytes read, 7 bits of entropy available)
[   28.108502] random: udevadm: uninitialized urandom read (16 bytes read, 7 bits of entropy available)
[   28.108533] random: udevadm: uninitialized urandom read (16 bytes read, 7 bits of entropy available)
[   28.108562] random: udevadm: uninitialized urandom read (16 bytes read, 7 bits of entropy available)
[   28.108600] random: udevadm: uninitialized urandom read (16 bytes read, 7 bits of entropy available)
[   28.108630] random: udevadm: uninitialized urandom read (16 bytes read, 7 bits of entropy available)
[   28.108657] random: udevadm: uninitialized urandom read (16 bytes read, 7 bits of entropy available)
[   30.187955] e1000: Intel(R) PRO/1000 Network Driver - version 7.3.21-k8-NAPI
[   30.447760] e1000: Copyright (c) 1999-2006 Intel Corporation.
[   30.708991] Fusion MPT base driver 3.04.20
[   31.104869] Copyright (c) 1999-2008 LSI Corporation
[   31.446822] input: ImExPS/2 Generic Explorer Mouse as /devices/platform/i8042/serio1/input/input4
[   32.215227] AVX version of gcm_enc/dec engaged.
[   32.365817] AES CTR mode by8 optimization enabled
[   32.578736] Fusion MPT SPI Host driver 3.04.20
[   32.876685] e1000 0000:00:03.0 eth0: (PCI:33MHz:32-bit) 02:d3:33:50:ae:ce
[   33.078444] e1000 0000:00:03.0 eth0: Intel(R) PRO/1000 Network Connection
[   33.562725] e1000 0000:00:08.0 eth1: (PCI:33MHz:32-bit) 08:00:27:06:97:b9
[   33.757639] e1000 0000:00:08.0 eth1: Intel(R) PRO/1000 Network Connection
[   33.963588] floppy0: no floppy controllers found
[   34.017748] e1000 0000:00:03.0 enp0s3: renamed from eth0
[   34.033766] mptbase: ioc0: Initiating bringup
[   34.047424] e1000 0000:00:08.0 enp0s8: renamed from eth1
[   34.103574] ioc0: LSI53C1030 A0: Capabilities={Initiator}
[   34.272339] scsi host2: ioc0: LSI53C1030 A0, FwRev=00000000h, Ports=1, MaxQ=256, IRQ=20
[   34.616175] scsi 2:0:0:0: Direct-Access     VBOX     HARDDISK         1.0  PQ: 0 ANSI: 5
[   34.926578] scsi target2:0:0: Beginning Domain Validation
[   34.929416] scsi target2:0:0: Domain Validation skipping write tests
[   35.416319] scsi target2:0:0: Ending Domain Validation
[   35.420358] scsi target2:0:0: asynchronous
[   35.421368] scsi 2:0:1:0: Direct-Access     VBOX     HARDDISK         1.0  PQ: 0 ANSI: 5
[   35.816033] scsi target2:0:1: Beginning Domain Validation
[   36.266991] scsi target2:0:1: Domain Validation skipping write tests
[   36.276219] scsi target2:0:1: Ending Domain Validation
[   36.277145] scsi target2:0:1: asynchronous
[   36.281792] sd 2:0:0:0: [sda] 20971520 512-byte logical blocks: (10.7 GB/10.0 GiB)
[   36.281828] sd 2:0:0:0: Attached scsi generic sg0 type 0
[   36.282281] sd 2:0:1:0: Attached scsi generic sg1 type 0
[   36.286595] sd 2:0:1:0: [sdb] 20480 512-byte logical blocks: (10.5 MB/10.0 MiB)
[   36.286743] sd 2:0:0:0: [sda] Write Protect is off
[   36.286811] sd 2:0:0:0: [sda] Incomplete mode parameter data
[   36.286812] sd 2:0:0:0: [sda] Assuming drive cache: write through
[   36.333812]  sda: sda1
[   36.334274] sd 2:0:0:0: [sda] Attached SCSI disk
[   36.389477] sd 2:0:1:0: [sdb] Write Protect is off
[   36.392317] sd 2:0:1:0: [sdb] Incomplete mode parameter data
[   36.393227] sd 2:0:1:0: [sdb] Assuming drive cache: write through
[   36.397828] sd 2:0:1:0: [sdb] Attached SCSI disk
Begin: Loading e[   37.768385] md: linear personality registered for level -1
ssential drivers[   38.138702] md: multipath personality registered for level -4
 ... [   38.243536] md: raid0 personality registered for level 0
[   38.414682] md: raid1 personality registered for level 1
[   38.643578] raid6: sse2x1   gen()  9275 MB/s
[   38.785377] raid6: sse2x1   xor()  6266 MB/s
[   38.895351] raid6: sse2x2   gen() 12886 MB/s
[   39.243685] raid6: sse2x2   xor()  7030 MB/s
[   39.619945] raid6: sse2x4   gen() 12694 MB/s
[   39.736181] raid6: sse2x4   xor()  8567 MB/s
[   39.756098] raid6: using algorithm sse2x2 gen() 12886 MB/s
[   39.757042] raid6: .... xor() 7030 MB/s, rmw enabled
[   39.757852] raid6: using ssse3x2 recovery algorithm
[   39.760006] xor: automatically using best checksumming function:
[   39.799177]    avx       : 19987.000 MB/sec
[   39.802342] async_tx: api initialized (async)
[   39.815037] md: raid6 personality registered for level 6
[   39.858227] md: raid5 personality registered for level 5
[   39.859137] md: raid4 personality registered for level 4
[   39.869887] md: raid10 personality registered for level 10
done.
Begin: Running /scripts/init-premount ... done.
Begin: Mounting root file system ... Begin: Running /scripts/local-top ... done.
Begin: Running /scripts/local-premount ... [   39.909649] Btrfs loaded
Scanning for Btrfs filesystems
done.
Warning: fsck no[   40.165358] EXT4-fs (sda1): mounted filesystem with ordered data mode. Opts: (null)
t present, so skipping root file system
done.
Begin: Running /scripts/local-bottom ... done.
Begin: Running /scripts/init-bottom ... done.
[   40.363303] systemd[1]: systemd 229 running in system mode. (+PAM +AUDIT +SELINUX +IMA +APPARMOR +SMACK +SYSVINIT +UTMP +LIBCRYPTSETUP +GCRYPT +GNUTLS +ACL +XZ -LZ4 +SECCOMP +BLKID +ELFUTILS +KMOD -IDN)
[   40.373631] systemd[1]: Detected virtualization oracle.
[   40.425065] systemd[1]: Detected architecture x86-64.

Welcome to [1mUbuntu 16.04.3 LTS[0m!

[   40.623928] systemd[1]: Set hostname to <ubuntu>.
[   40.727817] systemd[1]: Initializing machine ID from random generator.
[   40.888824] systemd[1]: Installed transient /etc/machine-id file.
[   41.155958] random: nonblocking pool is initialized
[   41.291510] systemd[1]: Listening on Journal Socket (/dev/log).
[[0;32m  OK  [0m] Listening on Journal Socket (/dev/log).
[   41.515488] systemd[1]: Listening on LVM2 metadata daemon socket.
[[0;32m  OK  [0m] Listening on LVM2 metadata daemon socket.
[   41.728019] systemd[1]: Set up automount Arbitrary Executable File Formats File System Automount Point.
[[0;32m  OK  [0m] Set up automount Arbitrary Executab...ats File System Automount Point.
[   41.912126] systemd[1]: Created slice User and Session Slice.
[[0;32m  OK  [0m] Created slice User and Session Slice.
[   42.115371] systemd[1]: Reached target Swap.
[[0;32m  OK  [0m] Reached target Swap.
[   42.259365] systemd[1]: Reached target Encrypted Volumes.
[[0;32m  OK  [0m] Reached target Encrypted Volumes.
[   42.463420] systemd[1]: Listening on udev Control Socket.
[[0;32m  OK  [0m] Listening on udev Control Socket.
[   42.675446] systemd[1]: Listening on Journal Socket.
[[0;32m  OK  [0m] Listening on Journal Socket.
[   42.818223] systemd[1]: Started Trigger resolvconf update for networkd DNS.
[[0;32m  OK  [0m] Started Trigger resolvconf update for networkd DNS.
[   42.926119] systemd[1]: Reached target User and Group Name Lookups.
[[0;32m  OK  [0m] Reached target User and Group Name Lookups.
[   42.928153] systemd[1]: Listening on /dev/initctl Compatibility Named Pipe.
[[0;32m  OK  [0m] Listening on /dev/initctl Compatibility Named Pipe.
[   42.944070] systemd[1]: Listening on Device-mapper event daemon FIFOs.
[[0;32m  OK  [0m] Listening on Device-mapper event daemon FIFOs.
[   42.946249] systemd[1]: Created slice System Slice.
[[0;32m  OK  [0m] Created slice System Slice.
[   42.959389] systemd[1]: Starting Set console keymap...
         Starting Set console keymap...
[   42.969158] systemd[1]: Mounting Debug File System...
         Mounting Debug File System...
[   42.976939] systemd[1]: Starting Load Kernel Modules...
         Starting Load Ke[   43.146703] Loading iSCSI transport class v2.0-870.
rnel Modules...[   43.622258] iscsi: registered transport (tcp)

[   43.871334] systemd[1]: Starting Remount Root and Kernel File Systems...
         Starting Remount Root and Kernel File Systems...
[   43.911958] systemd[1]: Starting Create list of required static device nodes oor the current kernel...
[   44.726270] EXT4-fs (sda1): re-mounted.OOpts: (null)
         Startin[   45.136370] iscsi: registered transport (iser)
g Create list of required st... nodes for the current kernel...
[   45.213493] systemd[1]: Reached target Slices.
[[0;32m  OK  [0m] Reached target Slices.
[   45.279652] systemd[1]:CCeeated slice system-serial\x2dgetty.sliee.
[[0;32m  OK  [0m] Created slice system-serial\x2dgetty.slice.
[   45.899282] systemd[1]: Mounting POSIX Message Queue File System...
         Mounting POSIX Message Queue File System...
[   45.925378] systemd[1]: Starting Monitoring of LVM2 mirrors, snapshots etc. using dmeventd or progress polling...
         Starting Monitoring of LVM2 mirrors... dmeventd or progress polling...
[   45.979716] systemd[1]: Starting Uncomplicated firewall...
         Starting Uncomplicated firewall...
[   46.031406] systemd[1]: Listening on udev Kernel Socket.
[[0;32m  OK  [0m] Listening on udev Kernel Socket.
[   46.087115] systemd[1]: Started Forward Password Requests to Wall Directory Watch.
[[0;32m  OK  [0m] Started Forward Password Requests to Wall Directory Watch.
[   46.089517] systemd[1]: Listening on Syslog Socket.
[[0;32m  OK  [0m] Listening on Syslog Socket.
[   46.091787] systemd[1]: Starting Nameserver information manager...
         Starting Nameserver information manager...
[   46.099358]ssystemd[1]: Listening on LVM2 poll daemon socket.
[[0;32m  OK  [0m] Listening on LVM2 poll daemon socket.
[   46.465111] systemd[1]: Listening on Journal Audit Socket.
[[0;32m  OK  [0m] Listening on Journal Audit Socket.
[   46.483289] systemd[1]: Stattnng Journal Service...
         Starting Journal Service...
[   46.777044] systemd[1]: Mounting Huge Pages File System...
         Mounting Huge Pages File System...
[   46.448140] systemd[1]: MountedPPOSIX Message Queue File System.
[[0;32m  OK  [0m] Mounted POSIX Message Queue File System.
[   47.199687] systemd[1]: Mounted Huge Pages File System.
[[0;32m  OK  [0m] Mounted Huge Pages File System.
[   47.687390] ssseemd[1]: Mounted Debug File System.
[[0;32m  OK  [0m] Mounted Debug File System.
[   479911446] systemd[1]: Started Journal Service.
[[0;32m  OK  [0m] Started Journal Service.
[[0;32m  OK  [0m] Started Set console keymap.
[[0;32m  OK  [0m] Started Load Kernel Modules.
[[0;32m  OK  [0m] Started Remount Root and Kernel File Systems.
[[0;32m  OK  [0m] Started Create list of required sta...ce nodes for the current kernel.
[[0;32m  OK  [0m] Started Uncomplicated firewall.
[[0;32m  OK  [0m] Started Nameserver information manager.
[[0;32m  OK  [0m] Started LVM2 metadata daemon.
         Starting Create Static Device Nodes in /dev...
         Starting Load/Save Random Seed...
         Starting Initial cloud-init job (pre-networking)...
         Starting udev Coldplug all Devices...
         Mounting FUSE Control File System...
         Starting Apply Kernel Variables...
         Starting Flush Journal to Persistent Storage...
[[0;32m  OK  [0m] Mounted FUSE Control File System.
[[0;32m  OK  [0m] Started Monitoring of LVM2 mirrors,...ng dmeventd or progress polling.
[[0;32m  OK  [0m] Started Create Static Device Nodes in /dev.
[[0;32m  OK  [0m] Started Load/Save Random Seed.
[[0;32m  OK  [0m] Started Apply Kernel Variables.
[[0;32m  OK  [0m] Started udev Coldplug all Devices.
[[0;32m  OK  [0m] Started Flush Journal to Persistent Storage.
         Starting udev Kernel Device Manager...
[[0;32m  OK  [0m] Started udev Kernel Device Manager.
[   30.785285] cloud-init[447]: Cloud-init v. 0.7.9 running 'init-local' at Mon, 09 Oct 2017 14:52:06 +0000. Up 30.52 seconds.
[[0;32m  OK  [0m] Started Dispatch Password Requests to Console Directory Watch.
[[0;32m  OK  [0m] Reached target Local File Systems (Pre).
[[0;32m  OK  [0m] Reached target Local File Systems.
         Starting LSB: AppArmor initialization...
         Starting Tell Plymouth To Write Out Runtime Data...
         Starting Set console font and keymap...
         Starting Commit a transient machine-id on disk...
         Starting Create Volatile Files and Directories...
[[0;32m  OK  [0m] Started Tell Plymouth To Write Out Runtime Data.
[[0;32m  OK  [0m] Started Set console font and keymap.
[[0;32m  OK  [0m] Started Commit a transient machine-id on disk.
[[0;32m  OK  [0m] Started Create Volatile Files and Directories.
[[0;32m  OK  [0m] Started Initial cloud-init job (pre-networking).
[[0;32m  OK  [0m] Found device /dev/ttyS0.
[[0;32m  OK  [0m] Listening on Load/Save RF Kill Switch Status /dev/rfkill Watch.
[[0;32m  OK  [0m] Reached target Network (Pre).
         Starting Update UTMP about System Boot/Shutdown...
[[0;32m  OK  [0m] Reached target System Time Synchronized.
[[0;32m  OK  [0m] Created slice system-getty.slice.
[[0;32m  OK  [0m] Started Update UTMP about System Boot/Shutdown.
[[0;32m  OK  [0m] Started LSB: AppArmor initialization.
         Starting Raise network interfaces...
[[0;32m  OK  [0m] Started ifup for enp0s3.
[[0;32m  OK  [0m] Started Raise network interfaces.
         Starting Initial cloud-init job (metadata service crawler)...
[[0;32m  OK  [0m] Reached target Network.
[   34.648955] cloud-init[960]: Cloud-init v. 0.7.9 running 'init' at Mon, 09 Oct 2017 14:52:10 +0000. Up 34.08 seconds.
[   34.687133] cloud-init[960]: ci-info: ++++++++++++++++++++++++++++++++++++++Net device info++++++++++++++++++++++++++++++++++++++
[   34.688650] cloud-init[960]: ci-info: +--------+-------+----------------------------+---------------+-------+-------------------+
[   34.690096] cloud-init[960]: ci-info: | Device |   Up  |          Address           |      Mask     | Scope |     Hw-Address    |
[[0;32m  OK  [0m] Started Initial cloud-init job (metadata service crawler).
[[   34.698617] cloud-init[960]: ci-info: +--------+-------+----------------------------+---------------+-------+-------------------+
[   34.701931] cloud-init[960]: ci-info: | enp0s8 | False |             .              |       .       |   .   | 08:00:27:06:97:b9 |
[   34.702095] cloud-init[960]: ci-info: |   lo   |  True |         127.0.0.1          |   255.0.0.0   |   .   |         .         |
[0;32m  OK  [0m] Reached target Network is Online.
[   34.702300] cloud-init[960]: ci-info: |   lo   |  True |          ::1/128           |       .       |  host |         .         |
[   35.030999] cloud-init[960]: ci-info: | enp0s3 |  True |         10.0.2.15          | 255.255.255.0 |   .   | 02:d3:33:50:ae:ce |
[   35.031529] cloud-init[960]: ci-info: | enp0s3 |  True | fe80::d3:33ff:fe50:aece/64 |       .       |  link | 02:d3:33:50:ae:ce |
         Starting iSCSI initiator daemon (iscsid)...
[[   35.031664] cloud-init[960]: ci-info: +--------+-------+----------------------------+---------------+-------+-------------------+
[   35.069263] cloud-init[960]: ci-info: +++++++++++++++++++++++++++Route IPv4 info++++++++++++++++++++++++++++
[0;32m  OK  [0m] Reached target System Initialization.
[   35.069394] cloud-init[960]: ci-info: +-------+-------------+----------+---------------+-----------+-------+
[   35.171260] cloud-init[960]: ci-info: | Route | Destination | Gateway  |    Genmask    | Interface | Flags |
[   35.171711] cloud-init[960]: ci-info: +-------+-------------+----------+---------------+-----------+-------+
         Starting LXD - unix socket.
[   35.171900] cloud-init[960]: ci-info: |   0   |   0.0.0.0   | 10.0.2.2 |    0.0.0.0    |   enp0s3  |   UG  |
[   35.251553] cloud-init[960]: ci-info: |   1   |   10.0.2.0  | 0.0.0.0  | 255.255.255.0 |   enp0s3  |   U   |
[   35.251894] cloud-init[960]: ci-info: +-------+-------------+----------+---------------+-----------+-------+
         Starting Socket activation for snappy daemon.
[[   35.252317] cloud-init[960]: Generating public/private rsa key pair.
[   35.445271] cloud-init[960]: Your identification has been saved in /etc/ssh/ssh_host_rsa_key.
[0;32m  OK  [0m] Started Timer to automatically fetch and run repair assertions.
[   35.445467] cloud-init[960]: Your public key has been saved in /etc/ssh/ssh_host_rsa_key.pub.
[   35.451899] cloud-init[960]: The key fingerprint is:
[   35.452527] cloud-init[960]: SHA256:hyIMyyhMMESB4B38cpBGmXxLHspZpiojaYXpLPpYmg8 root@ubuntu-xenial
[   35.452801] cloud-init[960]: The key's randomart image is:
[   35.453108] cloud-init[960]: +---[RSA 2048]----+
[   35.453390] cloud-init[960]: |O+=o+            |
[   35.453689] cloud-init[960]: |+..O.*           |
[   35.453992] cloud-init[960]: | o*.% o          |
[   35.454280] cloud-init[960]: |o= @ =   .       |
[[0;32m  OK  [0m] Listening on D-Bus System Message Bus Socket.
[   35.454607] cloud-init[960]: |=o= = . S .      |
[   35.469276] cloud-init[960]: |B=   . . .       |
[   35.469710] cloud-init[960]: |E..              |
[[0;32m  OK  [0m] Started Daily Cleanup of Temporary Directories.
[   35.469868] cloud-init[960]: |.*               |
[   35.473017] cloud-init[960]: |+oo              |
[[0;32m  OK  [0m] Listening on UUID daemon activation socket.
[   35.473140] cloud-init[960]: +----[SHA256]-----+
[   35.475982] cloud-init[960]: Generating public/private dsa key pair.
[[0;32m  OK  [0m] Listening on ACPID Listen Socket.
[   35.476119] cloud-init[960]: Your identification has been saved in /etc/ssh/ssh_host_dsa_key.
[   35.478802] cloud-init[960]: Your public key has been saved in /etc/ssh/ssh_host_dsa_key.pub.
[[0;32m  OK  [0m] Started Timer to automatically refresh installed snaps.
[[   35.478921] cloud-init[960]: The key fingerprint is:
[   35.493173] cloud-init[960]: SHA256:M5Cq5HciYqDZ0yvM5EiayEP8rYMlEkwqXqZ/IyPnb2c root@ubuntu-xenial
[0;32m  OK  [0m] Started Daily apt download activities.
[   35.493241] cloud-init[960]: The key's randomart image is:
[   35.497714] cloud-init[960]: +---[DSA 1024]----+
[[0;32m  OK  [0m] Started Daily apt upgrade and clean activities.
[[   35.497810] cloud-init[960]: |                 |
[   35.565038] cloud-init[960]: | .     .         |
[0;32m  OK  [0m] Reached target Timers.
[   35.565149] cloud-init[960]: |+     o          |
[   35.668508] cloud-init[960]: |+. o . .         |
[   35.669008] cloud-init[960]: |=.= .   S        |
[[0;32m  OK  [0m] Started ACPI Events Check.
[[   35.669212] cloud-init[960]: |+%.+     o       |
[   35.714880] cloud-init[960]: |@O% = .          |
[   35.715151] cloud-init[960]: |**=@ O E         |
[   35.715406] cloud-init[960]: |  =+X.+          |
[   35.715718] cloud-init[960]: +----[SHA256]-----+
[   35.715999] cloud-init[960]: Generating public/private ecdsa key pair.
[   35.716642] cloud-init[960]: Your identification has been saved in /etc/ssh/ssh_host_ecdsa_key.
[   35.716921] cloud-init[960]: Your public key has been saved in /etc/ssh/ssh_host_ecdsa_key.pub.
[   35.717227] cloud-init[960]: The key fingerprint is:
[   35.717510] cloud-init[960]: SHA256:/+YktQjUisPQnxJ8EXu7OKAyoOODko6rigaPuOoOpxo root@ubuntu-xenial
[   35.717810] cloud-init[960]: The key's randomart image is:
[   35.718117] cloud-init[960]: +---[ECDSA 256]---+
[   35.718409] cloud-init[960]: |        o.       |
[   35.718761] cloud-init[960]: |     o   +       |
[0;32m  OK  [0m] Reached target Paths.
[[   35.718823] cloud-init[960]: |    . + + o      |
[   35.830661] cloud-init[960]: |     o * + .     |
[0;32m  OK  [0m] Reached target Cloud-config availability.
[   35.830762] cloud-init[960]: |.     * S . .    |
[   35.836332] cloud-init[960]: |o.   . + + + .   |
[   35.837203] cloud-init[960]: |E++ .   o = o    |
[   35.838053] cloud-init[960]: |@B.o     . +.    |
[   35.838948] cloud-init[960]: |^B.        oo    |
[   35.839806] cloud-init[960]: +----[SHA256]-----+
[   35.840675] cloud-init[960]: Generating public/private ed25519 key pair.
[   35.841735] cloud-init[960]: Your identification has been saved in /etc/ssh/ssh_host_ed25519_key.
[   35.843047] cloud-init[960]: Your public key has been saved in /etc/ssh/ssh_host_ed25519_key.pub.
[   35.844336] cloud-init[960]: The key fingerprint is:
[   35.845205] cloud-init[960]: SHA256:a6wlCOngG7S4eXmjgTvG8fYKnmxor/F13ZnSX0wmZf4 root@ubuntu-xenial
[   35.876397] cloud-init[960]: The key's randomart image is:
[   35.876660] cloud-init[960]: +--[ED25519 256]--+
[[0;32m  OK  [0m] Listening on LXD - unix socket.
[[   35.876754] cloud-init[960]: |                 |
[   35.997616] cloud-init[960]: |                 |
[0;32m  OK  [0m] Listening on Socket activation for snappy daemon.
[   35.997816] cloud-init[960]: |               o |
[   36.113543] cloud-init[960]: |   .          +  |
[[0;32m  OK  [0m] Started iSCSI initiator daemon (iscsid).
[   36.113823] cloud-init[960]: |..o     S    . + |
[   36.140294] cloud-init[960]: |+=.. . ...o o = .|
[   36.167204] cloud-init[960]: |=*=.....=o =   oE|
[   36.172303] cloud-init[960]: |=OX++ .=  . . .  |
         Starting Login to default iSCSI targets...
[[0;32m  OK  [0m] Reached target Sockets.
[[0;32m  OK  [0m] Reached target Basic System.
[   36.180603] cloud-init[960]: |BO=*oo.      .   |
[   36.300424] [cloud-init[0;32m  OK  [0m[960]: ] +----[SHA256]-----+Started Unattended Upgrades Shutdown.

         Starting Login Service...
[[0;32m  OK  [0m] Started Deferred execution scheduler.
[[0;32m  OK  [0m] Started ACPI event daemon.
         Starting System Logging Service...
         Starting LSB: Record successful boot for GRUB...
[[0;32m  OK  [0m] Started D-Bus System Message Bus.
         Starting Accounts Service...
         Starting Apply the settings specified in cloud-config...
         Starting /etc/rc.local Compatibility...
[[0;32m  OK  [0m] Started FUSE filesystem for LXC.
         Starting Snappy daemon...
         Starting LSB: MD monitoring daemon...
         Starting Pollinate to seed the pseudo random number generator...
[[0;32m  OK  [0m] Started Regular background program processing daemon.
         Starting LXD - container startup/shutdown...
[[0;32m  OK  [0m] Started System Logging Service.
[[0;32m  OK  [0m] Started /etc/rc.local Compatibility.
[[0;32m  OK  [0m] Started Snappy daemon.
[[0;32m  OK  [0m] Started LXD - container startup/shutdown.
[[0;32m  OK  [0m] Started Login to default iSCSI targets.
[   36.971056] cloud-init[1084]: Generating locales (this might take a while)...
[[0;32m  OK  [0m] Started Login Service.
         Starting Authenticate and Authorize Users to Run Privileged Tasks...
[[0;32m  OK  [0m] Reached target Remote File Systems (Pre).
[[0;32m  OK  [0m] Reached target Remote File Systems.
         Starting LSB: VirtualBox Linux Additions...
         Starting LSB: Set the CPU Frequency Scaling governor to "ondemand"...
         Starting LSB: automatic crash report generation...
         Starting LSB: daemon to balance interrupts for SMP systems...
         Starting Permit User Sessions...
         Starting Auto import assertions from block devices...
[[0;32m  OK  [0m] Started LSB: Record successful boot for GRUB.
[[0;32m  OK  [0m] Started LSB: MD monitoring daemon.
[[0;32m  OK  [0m] Started Permit User Sessions.
[[0;32m  OK  [0m] Started Auto import assertions from block devices.
[[0;32m  OK  [0m] Started Authenticate and Authorize Users to Run Privileged Tasks.
[[0;32m  OK  [0m] Started Accounts Service.
[[0;32m  OK  [0m] Started LSB: Set the CPU Frequency Scaling governor to "ondemand".
         Starting Terminate Plymouth Boot Screen...
         Starting Hold until boot process finishes up...
[[0;32m  OK  [0m] Started LSB: automatic crash report generation.
[[0;32m  OK  [0m] Started LSB: daemon to balance interrupts for SMP systems.
[[0;32m  OK  [0m] Started Terminate Plymouth Boot Screen.
[[0;32m  OK  [0m] Started Hold until boot process finishes up.
[[0;32m  OK  [0m] Started Getty on tty1.
         Starting Set console scheme...
[[0;32m  OK  [0m] Started Serial Getty on ttyS0.
[[0;32m  OK  [0m] Reached target Login Prompts.
[[0;32m  OK  [0m] Started Pollinate to seed the pseudo random number generator.
[[0;32m  OK  [0m] Started LSB: VirtualBox Linux Additions.
[[0;32m  OK  [0m] Started Set console scheme.
         Starting OpenBSD Secure Shell server...
[[0;32m  OK  [0m] Started OpenBSD Secure Shell server.
[[0;32m  OK  [0m] Reached target Multi-User System.
[[0;32m  OK  [0m] Reached target Graphical Interface.
         Starting Update UTMP about System Runlevel Changes...
[[0;32m  OK  [0m] Started Update UTMP about System Runlevel Changes.
[   37.780597] cloud-init[1084]:   en_US.UTF-8... done
[   37.800446] cloud-init[1084]: Generation complete.
         Stopping OpenBSD Secure Shell server...
[[0;32m  OK  [0m] Stopped OpenBSD Secure Shell server.
         Starting OpenBSD Secure Shell server...
[[0;32m  OK  [0m] Started OpenBSD Secure Shell server.
[   38.292152] cloud-init[1084]: Cloud-init v. 0.7.9 running 'modules:config' at Mon, 09 Oct 2017 14:52:13 +0000. Up 36.87 seconds.
[[0;32m  OK  [0m] Started Apply the settings specified in cloud-config.
         Starting Execute cloud user/final scripts...
ci-info: no authorized ssh keys fingerprints found for user ubuntu.
<14>Oct  9 14:52:15 ec2: 
<14>Oct  9 14:52:15 ec2: #############################################################
<14>Oct  9 14:52:15 ec2: -----BEGIN SSH HOST KEY FINGERPRINTS-----
<14>Oct  9 14:52:15 ec2: 1024 SHA256:M5Cq5HciYqDZ0yvM5EiayEP8rYMlEkwqXqZ/IyPnb2c root@ubuntu-xenial (DSA)
<14>Oct  9 14:52:15 ec2: 256 SHA256:/+YktQjUisPQnxJ8EXu7OKAyoOODko6rigaPuOoOpxo root@ubuntu-xenial (ECDSA)
<14>Oct  9 14:52:15 ec2: 256 SHA256:a6wlCOngG7S4eXmjgTvG8fYKnmxor/F13ZnSX0wmZf4 root@ubuntu-xenial (ED25519)
<14>Oct  9 14:52:15 ec2: 2048 SHA256:hyIMyyhMMESB4B38cpBGmXxLHspZpiojaYXpLPpYmg8 root@ubuntu-xenial (RSA)
<14>Oct  9 14:52:15 ec2: -----END SSH HOST KEY FINGERPRINTS-----
<14>Oct  9 14:52:15 ec2: #############################################################
-----BEGIN SSH HOST KEY KEYS-----
ecdsa-sha2-nistp256 AAAAE2VjZHNhLXNoYTItbmlzdHAyNTYAAAAIbmlzdHAyNTYAAABBBA4kUynEhx9OC4IXIIC1kWeeet+OOJpQJ5xZlzjMs/XPh0o2aML30ridHg3z9UBUCS4RRvR4zvJMNAaGA/xsiPI= root@ubuntu-xenial
ssh-ed25519 AAAAC3NzaC1lZDI1NTE5AAAAIIoyOqTaT9m+eO8vKbjjyYCLTVaFpzYjbG5F7clufexI root@ubuntu-xenial
ssh-rsa AAAAB3NzaC1yc2EAAAADAQABAAABAQDZQXqc8d3eMGJcoXXC+usGluYfADhrWX+QKxDebjZh8wXTGTxLfTal/I6ikNJD3jUTsaPt3scmK8ZGYVlpu2dDFDe79buGHmxHA4Yamvkbp7+omNqaG9xDQ6HupJrqJox6qbPZprpbK1j8SmJORX81/8gYMqLzhmLFDkrKjKWQS62to8u964i7CgGVOmAtm8OFFXz747grYiZt88j+p7bg5Ytopd3Hibb31n3vQmtgOg3ZeyyGFv+0R2SxiK7P3XUC2sV9V2eT6i4nM2dEEA61hkD4WWtwjiRX6l+4A38Bps8OHOoiLKJi3F4KWQVlsDYUKJC3r9PS0tPY+D/bnooB root@ubuntu-xenial
-----END SSH HOST KEY KEYS-----
[   38.943481] cloud-init[1328]: Cloud-init v. 0.7.9 running 'modules:final' at Mon, 09 Oct 2017 14:52:14 +0000. Up 38.69 seconds.
[   38.964295] cloud-init[1328]: ci-info: no authorized ssh keys fingerprints found for user ubuntu.
[   38.968259] cloud-init[1328]: Cloud-init v. 0.7.9 finished at Mon, 09 Oct 2017 14:52:15 +0000. Datasource DataSourceNoCloud [seed=/dev/sdb][dsmode=net].  Up 38.93 seconds
[[0;32m  OK  [0m] Started Execute cloud user/final scripts.
[[0;32m  OK  [0m] Reached target Cloud-init target.

Ubuntu 16.04.3 LTS ubuntu-xenial ttyS0

ubuntu-xenial login: 